../nrf24/src/nrf24_Button.c:10:6:nRF24_CSN_Select	16	static
../nrf24/src/nrf24_Button.c:22:6:nRF24_CSN_UnSelect	16	static
../nrf24/src/nrf24_Button.c:34:6:nRF24_CE_Enable	16	static
../nrf24/src/nrf24_Button.c:46:6:nRF24_CE_Disable	16	static
../nrf24/src/nrf24_Button.c:64:6:nRF24_WriteReg	32	static
../nrf24/src/nrf24_Button.c:88:6:nRF24_WriteMBReg	32	static
../nrf24/src/nrf24_Button.c:112:9:nRF24_ReadReg	32	static
../nrf24/src/nrf24_Button.c:136:6:nRF24_ReadMBReg	24	static
../nrf24/src/nrf24_Button.c:155:6:nRF24_SendCMD	16	static
../nrf24/src/nrf24_Button.c:173:6:nRF24_Reset	16	static
../nrf24/src/nrf24_Button.c:192:6:nRF24_Module_Setup	48	static
../nrf24/src/nrf24_Button.c:317:9:nRF24_Transmit	40	static
../nrf24/src/nrf24_Button.c:370:9:isDataAvailable	40	static
../nrf24/src/nrf24_Button.c:402:6:nRF24_Receive	32	static
../nrf24/src/nrf24_Button.c:434:6:nRF24_ReadAllRegs	32	static
../nrf24/src/nrf24_Button.c:468:6:nRF24_Power	32	static
../nrf24/src/nrf24_Button.c:493:6:nRF24_Transmit_Report	32	static
../nrf24/src/nrf24_Button.c:535:6:nRF24_Receive_Report	32	static
../nrf24/src/nrf24_Button.c:582:6:nRF24_Register_Display	64	static
../nrf24/src/nrf24_Button.c:659:6:nRF24_sendRegisterValue	40	static
