../Core/Src/main.c:93:9:Read_Button_ID	16	static
../Core/Src/main.c:114:9:RF_Channel_Lookup	24	static
../Core/Src/main.c:120:6:HAL_GPIO_EXTI_Callback	24	static
../Core/Src/main.c:190:5:main	32	static
../Core/Src/main.c:404:6:SystemClock_Config	120	static
../Core/Src/main.c:455:13:MX_ADC_Init	16	static
../Core/Src/main.c:511:13:MX_LPUART1_UART_Init	8	static
../Core/Src/main.c:545:13:MX_SPI1_Init	8	static
../Core/Src/main.c:583:13:MX_TIM6_Init	16	static
../Core/Src/main.c:621:13:MX_GPIO_Init	56	static
../Core/Src/main.c:727:6:PWR_EnterStopMode	8	static
../Core/Src/main.c:740:6:Error_Handler	8	static,ignoring_inline_asm
