../Core/Src/main.c:115:9:Read_Button_ID	16	static
../Core/Src/main.c:136:9:RF_Channel_Lookup	24	static
../Core/Src/main.c:142:6:HAL_GPIO_EXTI_Callback	24	static
../Core/Src/main.c:217:5:main	32	static
../Core/Src/main.c:526:6:SystemClock_Config	120	static
../Core/Src/main.c:577:13:MX_ADC_Init	16	static
../Core/Src/main.c:633:13:MX_LPUART1_UART_Init	8	static
../Core/Src/main.c:667:13:MX_SPI1_Init	8	static
../Core/Src/main.c:705:13:MX_TIM6_Init	16	static
../Core/Src/main.c:743:13:MX_GPIO_Init	56	static
../Core/Src/main.c:849:6:PWR_EnterStopMode	8	static
../Core/Src/main.c:862:6:Error_Handler	8	static,ignoring_inline_asm
